// Jest Snapshot v1, https://goo.gl/fbAQLP

exports[`<ChannelControls /> spec renders the component 1`] = `
<div
  class="euiFlexGroup euiFlexGroup--gutterMedium euiFlexGroup--alignItemsCenter euiFlexGroup--directionRow euiFlexGroup--responsive euiFlexGroup--wrap"
>
  <div
    class="euiFlexItem euiSearchBar__searchHolder"
  >
    <div
      class="euiFormControlLayout euiFormControlLayout--fullWidth"
    >
      <div
        class="euiFormControlLayout__childrenWrapper"
      >
        <input
          aria-label="This is a search bar. After typing your query, hit enter to filter the results lower in the page."
          class="euiFieldSearch euiFieldSearch--fullWidth euiFieldSearch-isClearable"
          placeholder="Search"
          type="search"
          value=""
        />
        <div
          class="euiFormControlLayoutIcons"
        >
          <span
            class="euiFormControlLayoutCustomIcon"
          >
            <svg
              aria-hidden="true"
              class="euiIcon euiIcon--medium euiIcon-isLoading euiFormControlLayoutCustomIcon__icon"
              focusable="false"
              height="16"
              role="img"
              viewBox="0 0 16 16"
              width="16"
              xmlns="http://www.w3.org/2000/svg"
            />
          </span>
        </div>
      </div>
    </div>
  </div>
  <div
    class="euiFlexItem euiFlexItem--flexGrowZero euiSearchBar__filtersHolder"
  >
    <div
      class="euiFilterGroup"
    >
      <div
        class="euiPopover euiPopover--anchorDownCenter"
        id="field_value_selection_0"
      >
        <div
          class="euiPopover__anchor"
        >
          <button
            class="euiButtonEmpty euiButtonEmpty--text euiFilterButton euiFilterButton--hasIcon"
            type="button"
          >
            <span
              class="euiButtonContent euiButtonContent--iconRight euiButtonEmpty__content"
            >
              <svg
                aria-hidden="true"
                class="euiIcon euiIcon--medium euiIcon-isLoading euiButtonContent__icon"
                focusable="false"
                height="16"
                role="img"
                viewBox="0 0 16 16"
                width="16"
                xmlns="http://www.w3.org/2000/svg"
              />
              <span
                class="euiButtonEmpty__text"
              >
                <span
                  class="euiFilterButton__textShift"
                  data-text="State"
                  title="State"
                >
                  State
                </span>
              </span>
            </span>
          </button>
        </div>
      </div>
      <div
        class="euiPopover euiPopover--anchorDownCenter"
        id="field_value_selection_1"
      >
        <div
          class="euiPopover__anchor"
        >
          <button
            class="euiButtonEmpty euiButtonEmpty--text euiFilterButton euiFilterButton--hasIcon"
            type="button"
          >
            <span
              class="euiButtonContent euiButtonContent--iconRight euiButtonEmpty__content"
            >
              <svg
                aria-hidden="true"
                class="euiIcon euiIcon--medium euiIcon-isLoading euiButtonContent__icon"
                focusable="false"
                height="16"
                role="img"
                viewBox="0 0 16 16"
                width="16"
                xmlns="http://www.w3.org/2000/svg"
              />
              <span
                class="euiButtonEmpty__text"
              >
                <span
                  class="euiFilterButton__textShift"
                  data-text="Type"
                  title="Type"
                >
                  Type
                </span>
              </span>
            </span>
          </button>
        </div>
      </div>
      <div
        class="euiPopover euiPopover--anchorDownCenter"
        id="field_value_selection_2"
      >
        <div
          class="euiPopover__anchor"
        >
          <button
            class="euiButtonEmpty euiButtonEmpty--text euiFilterButton euiFilterButton--hasIcon"
            type="button"
          >
            <span
              class="euiButtonContent euiButtonContent--iconRight euiButtonEmpty__content"
            >
              <svg
                aria-hidden="true"
                class="euiIcon euiIcon--medium euiIcon-isLoading euiButtonContent__icon"
                focusable="false"
                height="16"
                role="img"
                viewBox="0 0 16 16"
                width="16"
                xmlns="http://www.w3.org/2000/svg"
              />
              <span
                class="euiButtonEmpty__text"
              >
                <span
                  class="euiFilterButton__textShift"
                  data-text="Source"
                  title="Source"
                >
                  Source
                </span>
              </span>
            </span>
          </button>
        </div>
      </div>
    </div>
  </div>
</div>
`;
