// Jest Snapshot v1, https://goo.gl/fbAQLP

exports[`<MuteChannelModal /> spec renders the component 1`] = `null`;
