// Jest Snapshot v1, https://goo.gl/fbAQLP

exports[`<CreateSenderModal/> spec renders the component 1`] = `null`;
