// Jest Snapshot v1, https://goo.gl/fbAQLP

exports[`<CreateRecipientGroupModal/> spec renders the component 1`] = `null`;
