// Jest Snapshot v1, https://goo.gl/fbAQLP

exports[`<ErrorDetailModal /> spec renders the component 1`] = `null`;
