// Jest Snapshot v1, https://goo.gl/fbAQLP

exports[`<FilterEditPopover /> spec renders the component 1`] = `
<div
  style="width: 400px;"
>
  <button
    style="width: 0px; height: 0px; position: fixed; margin-left: -10000px; bottom: 0px;"
  />
  <div
    class="euiFlexGroup euiFlexGroup--gutterSmall euiFlexGroup--directionRow euiFlexGroup--responsive"
  >
    <div
      class="euiFlexItem euiFlexItem--flexGrow6"
    >
      <div
        class="euiFormRow"
        id="random_html_id-row"
      >
        <div
          class="euiFormRow__labelWrapper"
        >
          <label
            class="euiFormLabel euiFormRow__label"
            for="random_html_id"
          >
            Field
          </label>
        </div>
        <div
          class="euiFormRow__fieldWrapper"
        >
          <div
            aria-expanded="false"
            aria-haspopup="listbox"
            class="euiComboBox"
            role="combobox"
          >
            <div
              class="euiFormControlLayout"
            >
              <div
                class="euiFormControlLayout__childrenWrapper"
              >
                <div
                  class="euiComboBox__inputWrap euiComboBox__inputWrap--noWrap"
                  data-test-subj="comboBoxInput"
                  tabindex="-1"
                >
                  <p
                    class="euiComboBoxPlaceholder"
                  >
                    Select a field first
                  </p>
                  <div
                    class="euiComboBox__input"
                    style="font-size: 14px; display: inline-block;"
                  >
                    <input
                      aria-controls=""
                      data-test-subj="comboBoxSearchInput"
                      id="random_html_id"
                      role="textbox"
                      style="box-sizing: content-box; width: 2px;"
                      value=""
                    />
                    <div
                      style="position: absolute; top: 0px; left: 0px; visibility: hidden; height: 0px; overflow: scroll; white-space: pre; font-family: -webkit-small-control; letter-spacing: normal; text-transform: none;"
                    />
                  </div>
                </div>
                <div
                  class="euiFormControlLayoutIcons euiFormControlLayoutIcons--right"
                >
                  <button
                    aria-label="Open list of options"
                    class="euiFormControlLayoutCustomIcon euiFormControlLayoutCustomIcon--clickable"
                    data-test-subj="comboBoxToggleListButton"
                    type="button"
                  >
                    <svg
                      aria-hidden="true"
                      class="euiIcon euiIcon--medium euiIcon-isLoading euiFormControlLayoutCustomIcon__icon"
                      focusable="false"
                      height="16"
                      role="img"
                      viewBox="0 0 16 16"
                      width="16"
                      xmlns="http://www.w3.org/2000/svg"
                    />
                  </button>
                </div>
              </div>
            </div>
          </div>
        </div>
      </div>
    </div>
    <div
      class="euiFlexItem euiFlexItem--flexGrow5"
    >
      <div
        class="euiFormRow"
        id="random_html_id-row"
      >
        <div
          class="euiFormRow__labelWrapper"
        >
          <label
            class="euiFormLabel euiFormRow__label"
            for="random_html_id"
          >
            Operator
          </label>
        </div>
        <div
          class="euiFormRow__fieldWrapper"
        >
          <div
            aria-expanded="false"
            aria-haspopup="listbox"
            class="euiComboBox euiComboBox-isDisabled"
            role="combobox"
          >
            <div
              class="euiFormControlLayout"
            >
              <div
                class="euiFormControlLayout__childrenWrapper"
              >
                <div
                  class="euiComboBox__inputWrap euiComboBox__inputWrap--noWrap"
                  data-test-subj="comboBoxInput"
                  tabindex="-1"
                >
                  <p
                    class="euiComboBoxPlaceholder"
                  >
                    Waiting
                  </p>
                  <div
                    class="euiComboBox__input"
                    style="font-size: 14px; display: inline-block;"
                  >
                    <input
                      aria-controls=""
                      data-test-subj="comboBoxSearchInput"
                      disabled=""
                      id="random_html_id"
                      role="textbox"
                      style="box-sizing: content-box; width: 2px;"
                      value=""
                    />
                    <div
                      style="position: absolute; top: 0px; left: 0px; visibility: hidden; height: 0px; overflow: scroll; white-space: pre; font-family: -webkit-small-control; letter-spacing: normal; text-transform: none;"
                    />
                  </div>
                </div>
                <div
                  class="euiFormControlLayoutIcons euiFormControlLayoutIcons--right"
                >
                  <button
                    aria-label="Open list of options"
                    class="euiFormControlLayoutCustomIcon euiFormControlLayoutCustomIcon--clickable"
                    data-test-subj="comboBoxToggleListButton"
                    disabled=""
                    type="button"
                  >
                    <svg
                      aria-hidden="true"
                      class="euiIcon euiIcon--medium euiIcon-isLoading euiFormControlLayoutCustomIcon__icon"
                      focusable="false"
                      height="16"
                      role="img"
                      viewBox="0 0 16 16"
                      width="16"
                      xmlns="http://www.w3.org/2000/svg"
                    />
                  </button>
                </div>
              </div>
            </div>
          </div>
        </div>
      </div>
    </div>
  </div>
  <div
    class="euiSpacer euiSpacer--m"
  />
  <div
    class="euiFlexGroup euiFlexGroup--gutterSmall euiFlexGroup--justifyContentFlexEnd euiFlexGroup--directionRow euiFlexGroup--responsive"
  >
    <div
      class="euiFlexItem euiFlexItem--flexGrowZero"
    >
      <button
        class="euiButtonEmpty euiButtonEmpty--primary"
        data-test-subj="filter-popover-cancel-button"
        type="button"
      >
        <span
          class="euiButtonContent euiButtonEmpty__content"
        >
          <span
            class="euiButtonEmpty__text"
          >
            Cancel
          </span>
        </span>
      </button>
    </div>
    <div
      class="euiFlexItem euiFlexItem--flexGrowZero"
    >
      <button
        class="euiButton euiButton--primary euiButton--fill euiButton-isDisabled"
        disabled=""
        type="button"
      >
        <span
          class="euiButtonContent euiButton__content"
        >
          <span
            class="euiButton__text"
          >
            Save
          </span>
        </span>
      </button>
    </div>
  </div>
</div>
`;
