// Jest Snapshot v1, https://goo.gl/fbAQLP

exports[`<GlobalFilterButton /> spec renders the component 1`] = `
<div
  class="euiPopover euiPopover--anchorRightUp euiPopover--withTitle"
>
  <div
    class="euiPopover__anchor"
  >
    <button
      aria-label="Change all filters"
      class="euiButtonIcon euiButtonIcon--primary"
      title="Change all filters"
      type="button"
    >
      <svg
        aria-hidden="true"
        class="euiIcon euiIcon--medium euiIcon-isLoading euiButtonIcon__icon"
        focusable="false"
        height="16"
        role="img"
        viewBox="0 0 16 16"
        width="16"
        xmlns="http://www.w3.org/2000/svg"
      />
    </button>
  </div>
</div>
`;
