// Jest Snapshot v1, https://goo.gl/fbAQLP

exports[`<DeleteSenderModal /> spec renders multiple channels 1`] = `null`;

exports[`<DeleteSenderModal /> spec renders the component 1`] = `null`;
