// Jest Snapshot v1, https://goo.gl/fbAQLP

exports[`<DeleteRecipientGroupModal /> spec renders multiple channels 1`] = `null`;

exports[`<DeleteRecipientGroupModal /> spec renders the component 1`] = `null`;
